#-----------------------------------------------------------
# Vivado v2021.1 (64-bit)
# SW Build 3247384 on Thu Jun 10 19:36:33 MDT 2021
# IP Build 3246043 on Fri Jun 11 00:30:35 MDT 2021
# Start of session at: Thu Jun 23 20:37:37 2022
# Process ID: 1056540
# Current directory: C:/Users/dsanc/TrabajoVHDLAforo
# Command line: vivado.exe -gui_launcher_event rodinguilauncherevent1056252 C:\Users\dsanc\TrabajoVHDLAforo\TrabajoVHDLAforo.xpr
# Log file: C:/Users/dsanc/TrabajoVHDLAforo/vivado.log
# Journal file: C:/Users/dsanc/TrabajoVHDLAforo\vivado.jou
#-----------------------------------------------------------
start_gui
open_project C:/Users/dsanc/TrabajoVHDLAforo/TrabajoVHDLAforo.xpr
update_compile_order -fileset sources_1
close [ open C:/Users/dsanc/TrabajoVHDLAforo/TrabajoVHDLAforo.srcs/sources_1/new/maquina_botes.vhd w ]
add_files C:/Users/dsanc/TrabajoVHDLAforo/TrabajoVHDLAforo.srcs/sources_1/new/maquina_botes.vhd
update_compile_order -fileset sources_1
set_property SOURCE_SET sources_1 [get_filesets sim_1]
close [ open C:/Users/dsanc/TrabajoVHDLAforo/TrabajoVHDLAforo.srcs/sim_1/new/maquina_botes_tb.vhd w ]
add_files -fileset sim_1 C:/Users/dsanc/TrabajoVHDLAforo/TrabajoVHDLAforo.srcs/sim_1/new/maquina_botes_tb.vhd
update_compile_order -fileset sim_1
launch_simulation
source cfg_tb_contador_aforo.tcl
close_sim
# Disabling source management mode.  This is to allow the top design properties to be set without GUI intervention.
set_property source_mgmt_mode None [current_project]
set_property top cfg_tb_maquina_botes [get_filesets sim_1]
set_property top_lib xil_defaultlib [get_filesets sim_1]
# Re-enabling previously disabled source management mode.
set_property source_mgmt_mode All [current_project]
update_compile_order -fileset sim_1
launch_simulation
source cfg_tb_maquina_botes.tcl
close_sim
launch_simulation
source cfg_tb_maquina_botes.tcl
close_sim
launch_simulation
source cfg_tb_maquina_botes.tcl
close_sim
launch_simulation
source cfg_tb_maquina_botes.tcl
close_sim
launch_simulation
source cfg_tb_maquina_botes.tcl
close_sim
launch_simulation
source cfg_tb_maquina_botes.tcl
close_sim
launch_simulation
source cfg_tb_maquina_botes.tcl
close_sim
launch_simulation
source cfg_tb_maquina_botes.tcl
close_sim
launch_simulation
source cfg_tb_maquina_botes.tcl
close_sim
launch_simulation
source cfg_tb_maquina_botes.tcl
close_sim
launch_simulation
source cfg_tb_maquina_botes.tcl
close_sim
# Disabling source management mode.  This is to allow the top design properties to be set without GUI intervention.
set_property source_mgmt_mode None [current_project]
set_property top cfg_tb_contador_aforo [get_filesets sim_1]
set_property top_lib xil_defaultlib [get_filesets sim_1]
# Re-enabling previously disabled source management mode.
set_property source_mgmt_mode All [current_project]
update_compile_order -fileset sim_1
launch_simulation
launch_simulation
launch_simulation
