#-----------------------------------------------------------
# Vivado v2021.1 (64-bit)
# SW Build 3247384 on Thu Jun 10 19:36:33 MDT 2021
# IP Build 3246043 on Fri Jun 11 00:30:35 MDT 2021
# Start of session at: Tue Jun 28 13:00:29 2022
# Process ID: 2127524
# Current directory: C:/Users/dsanc/TrabajoVHDLAforo
# Command line: vivado.exe -gui_launcher_event rodinguilauncherevent2127368 C:\Users\dsanc\TrabajoVHDLAforo\TrabajoVHDLAforo.xpr
# Log file: C:/Users/dsanc/TrabajoVHDLAforo/vivado.log
# Journal file: C:/Users/dsanc/TrabajoVHDLAforo\vivado.jou
#-----------------------------------------------------------
start_gui
open_project C:/Users/dsanc/TrabajoVHDLAforo/TrabajoVHDLAforo.xpr
update_compile_order -fileset sources_1
launch_simulation
source cfg_tb_controlaforo.tcl
# Disabling source management mode.  This is to allow the top design properties to be set without GUI intervention.
set_property source_mgmt_mode None [current_project]
set_property top cfg_tb_contador_aforo [get_filesets sim_1]
set_property top_lib xil_defaultlib [get_filesets sim_1]
# Re-enabling previously disabled source management mode.
set_property source_mgmt_mode All [current_project]
update_compile_order -fileset sim_1
launch_simulation
launch_simulation
close_sim
launch_simulation
launch_simulation
source cfg_tb_contador_aforo.tcl
close_sim
launch_simulation
source cfg_tb_contador_aforo.tcl
close_sim
launch_simulation
source cfg_tb_contador_aforo.tcl
close_sim
# Disabling source management mode.  This is to allow the top design properties to be set without GUI intervention.
set_property source_mgmt_mode None [current_project]
set_property top cfg_tb_controlaforo [get_filesets sim_1]
set_property top_lib xil_defaultlib [get_filesets sim_1]
# Re-enabling previously disabled source management mode.
set_property source_mgmt_mode All [current_project]
update_compile_order -fileset sim_1
launch_simulation
source cfg_tb_controlaforo.tcl
close_sim
